[Licensing::Module] Trying to connect to existing licensing client channel...
Built from '6000.5/staging' branch; Version is '6000.5.8f1 (5cb7df797b7d) revision 6076383'; Using compiler version '194234433'; Build Type 'Release'
[Licensing::IpcConnector] Successfully connected to: "LicenseClient-Len" at "2026-08-26T03:50:12.2051677Z"
OS: 'Windows 11  (10.0.26200) Core' Language: 'en' Physical Memory: 32632 MB
BatchMode: 1, IsHumanControllingUs: 0, StartBugReporterOnCrash: 0, Is64bit: 1
System  architecture: x64
Process architecture: x64
Date: 2026-08-26T03:50:12Z

COMMAND LINE ARGUMENTS:
C:\Program Files\Unity\Hub\Editor\6000.5.8f1\Editor\Unity.exe
-adb2
-batchMode
-noUpm
-name
AssetImportWorkerHW0
-projectPath
C:/Users/Len/Lenomation_V3
-logFile
Logs/AssetImportWorkerHW0.log
-srvPort
56239
-parentPid
24776
-analyticsCloudUserId
anonymous
-analyticsCloudProjectId
0956883a-88ea-49b2-bde1-fe810ba60755
-analyticsLocalProjectId
a56d578cae808794b840954f198d8c38
-editorAnalyticsEnabled
1
-cbmEditorLicense
a6b17b70c364649abcf2a12ba2e16345950779f9
-cbmMachineId
YsBmvqtNExQjYkfo7ZFy7ZTOaSw=
-licensingIpc
LicenseClient-Len
-noDiagnosticSwitchPersistentStore
-job-worker-count
7
-background-job-worker-count
8
-asset-garbage-collectors
1
-force-d3d12
-name
AssetImport
Successfully changed project path to: C:/Users/Len/Lenomation_V3
C:/Users/Len/Lenomation_V3
[UnityMemory] Configuration Parameters - Can be set up in boot.config
    "memorysetup-temp-allocator-size-gi-baking-worker=262144"
    "memorysetup-temp-allocator-size-gi-baking-worker=262144"
    "memorysetup-temp-allocator-size-gi-baking-worker=262144"
    "memorysetup-temp-allocator-size-gi-baking-worker=262144"
    "memorysetup-temp-allocator-size-gi-baking-worker=262144"
    "memorysetup-temp-allocator-size-nav-mesh-worker=65536"
    "memorysetup-temp-allocator-size-audio-worker=65536"
    "memorysetup-temp-allocator-size-cloud-worker=32768"
    "memorysetup-temp-allocator-size-gfx=262144"
    "memorysetup-temp-allocator-size-preload-manager=33554432"
    "memorysetup-allocator-temp-initial-block-size-main=262144"
    "memorysetup-allocator-temp-initial-block-size-worker=262144"
    "memorysetup-temp-allocator-size-job-worker=262144"
    "memorysetup-temp-allocator-size-background-worker=32768"
    "memorysetup-bucket-allocator-granularity=16"
    "memorysetup-bucket-allocator-bucket-count=8"
    "memorysetup-bucket-allocator-block-size=33554432"
    "memorysetup-bucket-allocator-block-count=8"
    "memorysetup-main-allocator-block-size=16777216"
    "memorysetup-thread-allocator-block-size=16777216"
    "memorysetup-main-allocator-mimalloc-enabled=0"
    "memorysetup-gfx-main-allocator-block-size=16777216"
    "memorysetup-gfx-thread-allocator-block-size=16777216"
    "memorysetup-cache-allocator-block-size=4194304"
    "memorysetup-typetree-allocator-block-size=2097152"
    "memorysetup-profiler-bucket-allocator-granularity=16"
    "memorysetup-profiler-bucket-allocator-bucket-count=8"
    "memorysetup-profiler-bucket-allocator-block-size=33554432"
    "memorysetup-profiler-bucket-allocator-block-count=8"
    "memorysetup-profiler-allocator-block-size=16777216"
    "memorysetup-profiler-editor-allocator-block-size=1048576"
    "memorysetup-temp-allocator-size-main=16777216"
    "memorysetup-job-temp-allocator-block-size=2097152"
    "memorysetup-job-temp-allocator-block-size-background=1048576"
    "memorysetup-job-temp-allocator-reduction-small-platforms=262144"
Player connection [41872]  Target information:

Player connection [41872]  * "[IP] 192.168.1.149 [Port] 0 [Flags] 2 [Guid] 2894463414 [EditorId] 2894463414 [Version] 1048832 [Id] WindowsEditor(7,LenPC) [Debug] 1 [PackageName] WindowsEditor [ProjectName] Editor" 

Player connection [41872] Host joined multi-casting on [225.0.0.222:54997]...
Player connection [41872] Host joined alternative multi-casting on [225.0.0.222:34997]...
JobSystem: Creating JobQueue using job-worker-count value 7
Input System module state changed to: Initialized.
[Physics::Module] Initialized fallback backend.
[Physics::Module] Id: 0xdecafbad
Library Redirect Path: Library/
[Physics::Module] Selected backend.
[Physics::Module] Name: PhysX
[Physics::Module] Id: 0xf2b8ea05
[Physics::Module] SDK Version: 4.1.2
[Physics::Module] Integration Version: 1.0.0
[Physics::Module] Threading Mode: Multi-Threaded
Refreshing native plugins compatible for Editor in 8.89 ms, found 5 plugins.
Preloading 1 native plugins for Editor in 2.14 ms.
Initialize engine version: 6000.5.8f1 (5cb7df797b7d)
[Subsystems] Discovering subsystems at path C:/Program Files/Unity/Hub/Editor/6000.5.8f1/Editor/Data/Resources/UnitySubsystems
[Subsystems] Discovering subsystems at path C:/Users/Len/Lenomation_V3/Assets
Forcing GfxDevice: Direct3D 12
GfxDevice: creating device client; kGfxThreadingModeNonThreaded
d3d12: failed to query info queue interface (0x80004002).
Direct3D:
    Version:         Direct3D 12 [level 12.2]
    Renderer:        NVIDIA GeForce RTX 3080 Ti (ID=0x2208)
    Vendor:          NVIDIA
    VRAM:            12086 MB
    App VRAM Budget: 11318 MB
    Driver:          32.0.16.1088
Initialize mono
Mono path[0] = 'C:/Program Files/Unity/Hub/Editor/6000.5.8f1/Editor/Data/Managed'
Mono path[1] = 'C:/Program Files/Unity/Hub/Editor/6000.5.8f1/Editor/Data/BCLExtensions/runtime/netstandard2.1'
Mono path[2] = 'C:/Program Files/Unity/Hub/Editor/6000.5.8f1/Editor/Data/MonoBleedingEdge/lib/mono/unityjit-win32'
Mono config path = 'C:/Program Files/Unity/Hub/Editor/6000.5.8f1/Editor/Data/MonoBleedingEdge/etc'
Using monoOptions --debugger-agent=transport=dt_socket,embedding=1,server=y,suspend=n,address=127.0.0.1:56452
CodeReloadManager initialized
Begin MonoManager ReloadAssembly
Registering precompiled unity dll's ...
Register platform support module: C:/Program Files/Unity/Hub/Editor/6000.5.8f1/Editor/Data/PlaybackEngines/WebGLSupport/UnityEditor.WebGL.Extensions.dll
Register platform support module: C:/Program Files/Unity/Hub/Editor/6000.5.8f1/Editor/Data/PlaybackEngines/WindowsStandaloneSupport/UnityEditor.WindowsStandalone.Extensions.dll
Registered in 0.002214 seconds.
[Licensing::Client] Error: HandshakeResponse reported an error:
	ResponseCode: 505
	ResponseStatus: Unsupported protocol version '1.18.1'.
[Licensing::Module] Error: Failed to handshake to channel: "LicenseClient-Len"
[Licensing::IpcConnector] LicenseClient-Len channel disconnected successfully.
[Licensing::IpcConnector] Successfully connected to: "LicenseClient-Len-6000.5.8" at "2026-08-26T03:50:13.2960555Z"
[Licensing::Client] Code 10 while verifying Licensing Client signature (process Id: 26064, path: "C:/Program Files/Unity/Hub/Editor/6000.5.8f1/Editor/Data/Resources/Licensing/Client/Unity.Licensing.Client.exe")
[Licensing::Module] LicensingClient has failed validation; ignoring
[Licensing::Client] Handshaking with LicensingClient:
  Version:                 1.18.1+9fbee8e
  Session Id:              651a25cd81604850b681073727512408
  Correlation Id:          484fdde569cd1ff0ef8c8441d365ed49
  External correlation Id: 3836926481663311302
  Machine Id:              YsBmvqtNExQjYkfo7ZFy7ZTOaSw=
[Licensing::Module] Successfully connected to LicensingClient on channel: "LicenseClient-Len-6000.5.8" (connect: 0.00s, validation: 0.00s, handshake: 0.01s)
[Licensing::IpcConnector] Successfully connected to: "LicenseClient-Len-6000.5.8-notifications" at "2026-08-26T03:50:13.3040242Z"
[Licensing::Module] Licensing Background thread has ended after 1.10s
Native extension for WindowsStandalone target not found
Native extension for WebGL target not found
Package Manager log level set to [2]
[Package Manager] Failed to launch server process. Reason: Unity was launched with the -noUpm command-line argument
[Package Manager] Unable to send message (not connected to server process).
[Package Manager] Cannot connect to Unity Package Manager local server
ScheduleIndexationOnStartup MainProcess:False IndexOnStartup:True
Mono: successfully reloaded assembly
- Finished resetting the current domain, in  0.564 seconds
Domain Reload Profiling: 1163ms
	BeginReloadAssembly (126ms)
	RebuildCommonClasses (5ms)
	RebuildNativeTypeToScriptingClass (17ms)
	initialDomainReloadingComplete (99ms)
	LoadAllAssembliesAndSetupDomain (350ms)
		LoadAssemblies (123ms)
		AnalyzeDomain (260ms)
			TypeCache.Refresh (258ms)
				TypeCache.ScanAssembly (242ms)
	FinalizeReload (565ms)
		SetupLoadedEditorAssemblies (0ms)
			BeforeProcessingInitializeOnLoad (100ms)
			ProcessInitializeOnLoadAttributes (113ms)
			ProcessInitializeOnLoadMethodAttributes (223ms)
Initializing Unity extensions:
[Licensing::Client] Successfully resolved entitlement details
[Licensing::Module] License group:
  Id: 6500056-UnityPersXXXX
  Product: Unity Personal
  Type: Assigned
  Expiration: Unlimited
Curl error 3: URL rejected: Malformed input to a URL function
========================================================================
Worker process is ready to serve import requests
Import Worker Mode flag is 0x00
Begin MonoManager ReloadAssembly
Symbol file LoadedFromMemory is not a mono symbol file
Symbol file LoadedFromMemory is not a mono symbol file
Refreshing native plugins compatible for Editor in 4.34 ms, found 5 plugins.
Native extension for WindowsStandalone target not found
Native extension for WebGL target not found
[Package Manager] Failed to launch server process. Reason: Unity was launched with the -noUpm command-line argument
[Package Manager] Unable to send message (not connected to server process).
[Package Manager] Cannot connect to Unity Package Manager local server
Refreshing native plugins compatible for Editor in 2.90 ms, found 5 plugins.
Refreshing native plugins compatible for Editor in 3.63 ms, found 5 plugins.
[Package Manager] Failed to launch server process. Reason: Unity was launched with the -noUpm command-line argument
[Package Manager] Unable to send message (not connected to server process).
[Package Manager] Cannot connect to Unity Package Manager local server
[Licensing::Client] Error: Code 404 while processing request (status: Found 0 entitlement groups and 0 free entitlements matching requested entitlement ids)
[Licensing::Client] Error: Code 404 while processing request (status: Found 0 entitlement groups and 0 free entitlements matching requested entitlement ids)
[Licensing::Client] Error: Code 404 while processing request (status: Found 0 entitlement groups and 0 free entitlements matching requested entitlement ids)
ScheduleIndexationOnStartup MainProcess:False IndexOnStartup:True
Mono: successfully reloaded assembly
- Finished resetting the current domain, in  2.109 seconds
Domain Reload Profiling: 3445ms
	BeginReloadAssembly (194ms)
		DisableScriptedObjects (8ms)
		CreateAndSetChildDomain (35ms)
	RebuildCommonClasses (8ms)
	RebuildNativeTypeToScriptingClass (16ms)
	initialDomainReloadingComplete (88ms)
	LoadAllAssembliesAndSetupDomain (1030ms)
		LoadAssemblies (419ms)
		AnalyzeDomain (546ms)
			TypeCache.Refresh (458ms)
				TypeCache.ScanAssembly (434ms)
			BuildScriptInfoCaches (82ms)
			ResolveRequiredComponents (4ms)
	FinalizeReload (2110ms)
		SetupLoadedEditorAssemblies (0ms)
			BeforeProcessingInitializeOnLoad (183ms)
			ProcessInitializeOnLoadAttributes (1196ms)
			ProcessInitializeOnLoadMethodAttributes (389ms)
			AfterProcessingInitializeOnLoad (8ms)
		AwakeInstancesAfterBackupRestoration (9ms)
AcceleratorClientConnectionCallback - disconnected - :0
Launched and connected shader compiler UnityShaderCompiler.exe after 0.01 seconds
Refreshing native plugins compatible for Editor in 2.65 ms, found 5 plugins.
Unloading 65 Unused Serialized files (Serialized files now loaded: 0)
Curl error 3: URL rejected: Malformed input to a URL function
Unloading 10270 unused Assets / (22.9 MB). Loaded Objects now: 11250.
Memory consumption went from 476.3 MB to 453.3 MB.
Total: 36.986200 ms (FindLiveObjects: 1.678700 ms CreateObjectMapping: 5.640400 ms MarkObjects: 20.353200 ms  DeleteObjects: 9.308700 ms)

========================================================================
Received Prepare
AcceleratorClientConnectionCallback - disconnected - :0
Refreshing native plugins compatible for Editor in 4.46 ms, found 5 plugins.
Unloading 65 Unused Serialized files (Serialized files now loaded: 0)
Unloading 65 unused Assets / (13.7 MB). Loaded Objects now: 11250.
Memory consumption went from 464.8 MB to 451.0 MB.
Total: 26.092100 ms (FindLiveObjects: 0.481300 ms CreateObjectMapping: 1.792600 ms MarkObjects: 21.589200 ms  DeleteObjects: 2.226800 ms)

Prepare: number of updated asset objects reloaded= 0
========================================================================
Received Import Request.
  Time of request: 2026-08-26T03:50:20.7525301Z
  Time since last request: 44551.56203120000282 seconds.
  importAddress: GUID: 27bb64b841da6af4591e899a5d352e93 - Path: Assets/Prefabs/Logistics/Ground - Importer: ScriptedImporter/UnityEditor.QuickSearchModule:UnityEditor.Search:ASIAI0B
Importing 'GUID: 27bb64b841da6af4591e899a5d352e93 - Path: Assets/Prefabs/Logistics/Ground - Importer: ScriptedImporter/UnityEditor.QuickSearchModule:UnityEditor.Search:ASIAI0B' with importer (ScriptedImporter : UnityEditor.QuickSearchModule:UnityEditor.Search:ASIAI0B)
Imported 'GUID: 27bb64b841da6af4591e899a5d352e93' -> (Import Result ID: '8c85a77ba2518ecf4bc798bd628bfca3') in 0.049 seconds [static and dynamic dependencies]. Details - ImportResultOutputID=d522965b23af85da27390c03bd81f1ec DependenciesID=8d012260e40f5b758dcee2bbb589ddd5 StaticDependenciesID=b6d1eebb99ff53caee5cdad1df5896ff 
Number of updated asset objects reloaded before import = 0
Number of asset objects unloaded after import = 1
========================================================================
Received Import Request.
  Time of request: 2026-08-26T03:50:20.8236901Z
  Time since last request: 0.0081619 seconds.
  importAddress: GUID: f67bf66a88f1f0544bea3e997fa73d1d - Path: Assets/Scripts/Core/CameraController.cs - Importer: ScriptedImporter/UnityEditor.QuickSearchModule:UnityEditor.Search:ASIAI0B
Importing 'GUID: f67bf66a88f1f0544bea3e997fa73d1d - Path: Assets/Scripts/Core/CameraController.cs - Importer: ScriptedImporter/UnityEditor.QuickSearchModule:UnityEditor.Search:ASIAI0B' with importer (ScriptedImporter : UnityEditor.QuickSearchModule:UnityEditor.Search:ASIAI0B)
Imported 'GUID: f67bf66a88f1f0544bea3e997fa73d1d' -> (Import Result ID: 'a1428b51db70451f9a035629d629c7f0') in 0.022 seconds [static and dynamic dependencies]. Details - ImportResultOutputID=f1909e1db83eec68f05a235fda6d5141 DependenciesID=540f8267fff684d3e4a1ae020a9ee658 StaticDependenciesID=244612c019bba3bffcd6888f5e3c51fa 
Number of updated asset objects reloaded before import = 0
Number of asset objects unloaded after import = 0
========================================================================
Received Import Request.
  Time of request: 2026-08-26T03:50:20.8586127Z
  Time since last request: 0.0003783 seconds.
  importAddress: GUID: 8b3c8e35e66e29e49a39fbcdbb176ee5 - Path: Assets/Prefabs/Logistics/Inserters - Importer: ScriptedImporter/UnityEditor.QuickSearchModule:UnityEditor.Search:ASIAI0B
Importing 'GUID: 8b3c8e35e66e29e49a39fbcdbb176ee5 - Path: Assets/Prefabs/Logistics/Inserters - Importer: ScriptedImporter/UnityEditor.QuickSearchModule:UnityEditor.Search:ASIAI0B' with importer (ScriptedImporter : UnityEditor.QuickSearchModule:UnityEditor.Search:ASIAI0B)
Imported 'GUID: 8b3c8e35e66e29e49a39fbcdbb176ee5' -> (Import Result ID: '01ffeae6fccd581470b2feedf539061e') in 0.004 seconds [static and dynamic dependencies]. Details - ImportResultOutputID=b59f155006b1acfe9667f1a314580d0c DependenciesID=5c6a3c71d62a497eb9e5cb2ae49873ee StaticDependenciesID=3f4c8aa48c200ac2eafdff97cac0dfc4 
Number of updated asset objects reloaded before import = 0
Number of asset objects unloaded after import = 1
========================================================================
Received Import Request.
  Time of request: 2026-08-26T03:50:20.8738898Z
  Time since last request: 0.000291 seconds.
  importAddress: GUID: 99c9720ab356a0642a771bea13969a05 - Path: Assets/Scenes/StartScene.unity - Importer: ScriptedImporter/UnityEditor.QuickSearchModule:UnityEditor.Search:ASIAI0B
Importing 'GUID: 99c9720ab356a0642a771bea13969a05 - Path: Assets/Scenes/StartScene.unity - Importer: ScriptedImporter/UnityEditor.QuickSearchModule:UnityEditor.Search:ASIAI0B' with importer (ScriptedImporter : UnityEditor.QuickSearchModule:UnityEditor.Search:ASIAI0B)
Imported 'GUID: 99c9720ab356a0642a771bea13969a05' -> (Import Result ID: '2f323281612f0f5f2b57682f1f9cbd7b') in 0.005 seconds [static and dynamic dependencies]. Details - ImportResultOutputID=b74aeaddb51731a578a7c5cd577ba2c1 DependenciesID=b9473a24b0f56437293459b834bc5d64 StaticDependenciesID=ea9c2b60ba056f9f047f95b7fed0d2be 
Number of updated asset objects reloaded before import = 0
Number of asset objects unloaded after import = 1
========================================================================
Received Import Request.
  Time of request: 2026-08-26T03:50:20.8902041Z
  Time since last request: 0.0003096 seconds.
  importAddress: GUID: c4928e674b90e9c4084052d2b55820cb - Path: Assets/Prefabs/Logistics/Conveyors - Importer: ScriptedImporter/UnityEditor.QuickSearchModule:UnityEditor.Search:ASIAI0B
Importing 'GUID: c4928e674b90e9c4084052d2b55820cb - Path: Assets/Prefabs/Logistics/Conveyors - Importer: ScriptedImporter/UnityEditor.QuickSearchModule:UnityEditor.Search:ASIAI0B' with importer (ScriptedImporter : UnityEditor.QuickSearchModule:UnityEditor.Search:ASIAI0B)
Imported 'GUID: c4928e674b90e9c4084052d2b55820cb' -> (Import Result ID: 'a482f14a75353f24b91a2feee6befac4') in 0.003 seconds [static and dynamic dependencies]. Details - ImportResultOutputID=0a4fc567f21ee767ed31f482a7c3379c DependenciesID=835f043fdc769094df1fba66bb066658 StaticDependenciesID=a62bb863c4f63dc38b1b1c3ef9f366a0 
Number of updated asset objects reloaded before import = 0
Number of asset objects unloaded after import = 1
========================================================================
Received Import Request.
  Time of request: 2026-08-26T03:50:20.9044221Z
  Time since last request: 0.0004078 seconds.
  importAddress: GUID: 74a7ed8a7d165684490cc762818e2bf0 - Path: Assets/Prefabs/Logistics/Containers - Importer: ScriptedImporter/UnityEditor.QuickSearchModule:UnityEditor.Search:ASIAI0B
Importing 'GUID: 74a7ed8a7d165684490cc762818e2bf0 - Path: Assets/Prefabs/Logistics/Containers - Importer: ScriptedImporter/UnityEditor.QuickSearchModule:UnityEditor.Search:ASIAI0B' with importer (ScriptedImporter : UnityEditor.QuickSearchModule:UnityEditor.Search:ASIAI0B)
Imported 'GUID: 74a7ed8a7d165684490cc762818e2bf0' -> (Import Result ID: '8b1431357d76b92a80b61c2f76b225d3') in 0.006 seconds [static and dynamic dependencies]. Details - ImportResultOutputID=acd0a3ce9161334b1db1e738d45decb5 DependenciesID=da2d8e26d5484526fa303dd62f30daee StaticDependenciesID=4f3d02278e3715aef7c598adc0a9e41c 
Number of updated asset objects reloaded before import = 0
Number of asset objects unloaded after import = 1
========================================================================
Received Import Request.
  Time of request: 2026-08-26T03:50:20.9240064Z
  Time since last request: 0.0003839 seconds.
  importAddress: GUID: 97bae6a24f9131b44a026390c1d44eeb - Path: Assets/Prefabs/Logistics/Conveyors/Straight - Importer: ScriptedImporter/UnityEditor.QuickSearchModule:UnityEditor.Search:ASIAI0B
Importing 'GUID: 97bae6a24f9131b44a026390c1d44eeb - Path: Assets/Prefabs/Logistics/Conveyors/Straight - Importer: ScriptedImporter/UnityEditor.QuickSearchModule:UnityEditor.Search:ASIAI0B' with importer (ScriptedImporter : UnityEditor.QuickSearchModule:UnityEditor.Search:ASIAI0B)
Imported 'GUID: 97bae6a24f9131b44a026390c1d44eeb' -> (Import Result ID: 'a910e7ce6d64851fea820c866ca4bbe5') in 0.004 seconds [static and dynamic dependencies]. Details - ImportResultOutputID=470a496ba47437f7394fbd639ade274d DependenciesID=2c4c84773a9b6398d40c28ad28fabf20 StaticDependenciesID=dd96fedcd3eadbb332e6591e88e6be37 
Number of updated asset objects reloaded before import = 0
Number of asset objects unloaded after import = 1
========================================================================
Received Import Request.
  Time of request: 2026-08-26T03:50:20.940361Z
  Time since last request: 0.0002956 seconds.
  importAddress: GUID: 254d4b8c109483a49ab768e6b7d6a562 - Path: Assets/Prefabs/Logistics/Items - Importer: ScriptedImporter/UnityEditor.QuickSearchModule:UnityEditor.Search:ASIAI0B
Importing 'GUID: 254d4b8c109483a49ab768e6b7d6a562 - Path: Assets/Prefabs/Logistics/Items - Importer: ScriptedImporter/UnityEditor.QuickSearchModule:UnityEditor.Search:ASIAI0B' with importer (ScriptedImporter : UnityEditor.QuickSearchModule:UnityEditor.Search:ASIAI0B)
Imported 'GUID: 254d4b8c109483a49ab768e6b7d6a562' -> (Import Result ID: 'dcf8258b53b11d6a1d0e021c3813ff4d') in 0.005 seconds [static and dynamic dependencies]. Details - ImportResultOutputID=6e3bb0d90dd8513e2dded490c667a3ee DependenciesID=36779297ea53b4a5d363f7a25e3835cb StaticDependenciesID=8b810b4b8c28b417c26ae3c97b4d8183 
Number of updated asset objects reloaded before import = 0
Number of asset objects unloaded after import = 1
========================================================================
Received Import Request.
  Time of request: 2026-08-26T03:50:20.9576989Z
  Time since last request: 0.000328 seconds.
  importAddress: GUID: 05571702ec538704d888da29e098a585 - Path: Assets/Prefabs/Logistics - Importer: ScriptedImporter/UnityEditor.QuickSearchModule:UnityEditor.Search:ASIAI0B
Importing 'GUID: 05571702ec538704d888da29e098a585 - Path: Assets/Prefabs/Logistics - Importer: ScriptedImporter/UnityEditor.QuickSearchModule:UnityEditor.Search:ASIAI0B' with importer (ScriptedImporter : UnityEditor.QuickSearchModule:UnityEditor.Search:ASIAI0B)
Imported 'GUID: 05571702ec538704d888da29e098a585' -> (Import Result ID: '689f3955543609aa081a4bb252c275f7') in 0.004 seconds [static and dynamic dependencies]. Details - ImportResultOutputID=c3ffba5a64cc9baea22419bd0b9af2c6 DependenciesID=24d19cc7bc8daac166acf09aa2ca2b2a StaticDependenciesID=a731421c5dd0705692814ef9c39c3148 
Number of updated asset objects reloaded before import = 0
Number of asset objects unloaded after import = 1
========================================================================
Received Import Request.
  Time of request: 2026-08-26T03:50:20.971522Z
  Time since last request: 0.000308 seconds.
  importAddress: GUID: b7d2410c63cc11c4494d97eb08bc8474 - Path: Assets/Prefabs/Logistics/Ground/Ground.prefab - Importer: ScriptedImporter/UnityEditor.QuickSearchModule:UnityEditor.Search:ASIAI0B
Importing 'GUID: b7d2410c63cc11c4494d97eb08bc8474 - Path: Assets/Prefabs/Logistics/Ground/Ground.prefab - Importer: ScriptedImporter/UnityEditor.QuickSearchModule:UnityEditor.Search:ASIAI0B' with importer (ScriptedImporter : UnityEditor.QuickSearchModule:UnityEditor.Search:ASIAI0B)
Imported 'GUID: b7d2410c63cc11c4494d97eb08bc8474' -> (Import Result ID: 'c5434362a8516baee7f6e8386aa872b2') in 0.051 seconds [static and dynamic dependencies]. Details - ImportResultOutputID=f10a4ba1578db2192bc9028ddb0ef262 DependenciesID=39967ecc6f951a3f3d388329439e7da9 StaticDependenciesID=8f2b54937eab90a8bf4384d8495b90fa 
Number of updated asset objects reloaded before import = 0
Number of asset objects unloaded after import = 9
========================================================================
Received Import Request.
  Time of request: 2026-08-26T03:50:21.033849Z
  Time since last request: 0.000224 seconds.
  importAddress: GUID: 66765df7133dd6f4b98de5ef77e91e7b - Path: Assets/Prefabs/Logistics/Ground/GroundMesh.asset - Importer: ScriptedImporter/UnityEditor.QuickSearchModule:UnityEditor.Search:ASIAI0B
Importing 'GUID: 66765df7133dd6f4b98de5ef77e91e7b - Path: Assets/Prefabs/Logistics/Ground/GroundMesh.asset - Importer: ScriptedImporter/UnityEditor.QuickSearchModule:UnityEditor.Search:ASIAI0B' with importer (ScriptedImporter : UnityEditor.QuickSearchModule:UnityEditor.Search:ASIAI0B)
Imported 'GUID: 66765df7133dd6f4b98de5ef77e91e7b' -> (Import Result ID: '249a42eb5c76fa28610900b7832bd131') in 0.007 seconds [static and dynamic dependencies]. Details - ImportResultOutputID=832fa2d26b60d7d26de32bfc2fab4b1d DependenciesID=6af603a9bb372ecb6af948367de5f805 StaticDependenciesID=1d64a337c31697a2b075088911b682e2 
Number of updated asset objects reloaded before import = 0
Number of asset objects unloaded after import = 1
========================================================================
Received Import Request.
  Time of request: 2026-08-26T03:50:21.054564Z
  Time since last request: 0.0005599 seconds.
  importAddress: GUID: 9a581b3e824fd4b41bff2bf93e6e146b - Path: Assets/Scripts/Configs/GridConfig.cs - Importer: ScriptedImporter/UnityEditor.QuickSearchModule:UnityEditor.Search:ASIAI0B
Importing 'GUID: 9a581b3e824fd4b41bff2bf93e6e146b - Path: Assets/Scripts/Configs/GridConfig.cs - Importer: ScriptedImporter/UnityEditor.QuickSearchModule:UnityEditor.Search:ASIAI0B' with importer (ScriptedImporter : UnityEditor.QuickSearchModule:UnityEditor.Search:ASIAI0B)
Imported 'GUID: 9a581b3e824fd4b41bff2bf93e6e146b' -> (Import Result ID: 'acb4ec39a6e13579ec886072dc238d98') in 0.004 seconds [static and dynamic dependencies]. Details - ImportResultOutputID=d5913c9700464d930c21728682499922 DependenciesID=25a47b8ca11eda9fcc0bed73330ae195 StaticDependenciesID=9d62d9c28dc6d6a037ea1ad271fc862c 
Number of updated asset objects reloaded before import = 0
Number of asset objects unloaded after import = 0
========================================================================
Received Import Request.
  Time of request: 2026-08-26T03:50:21.0709536Z
  Time since last request: 0.0005883 seconds.
  importAddress: GUID: 057266064311f1e41b38532ea9848e47 - Path: Assets/Prefabs/Logistics/Arrows - Importer: ScriptedImporter/UnityEditor.QuickSearchModule:UnityEditor.Search:ASIAI0B
Importing 'GUID: 057266064311f1e41b38532ea9848e47 - Path: Assets/Prefabs/Logistics/Arrows - Importer: ScriptedImporter/UnityEditor.QuickSearchModule:UnityEditor.Search:ASIAI0B' with importer (ScriptedImporter : UnityEditor.QuickSearchModule:UnityEditor.Search:ASIAI0B)
Imported 'GUID: 057266064311f1e41b38532ea9848e47' -> (Import Result ID: 'e6b0c0201a71da92041deb15ab038ac9') in 0.004 seconds [static and dynamic dependencies]. Details - ImportResultOutputID=15187053fcdfa627ed509a7b8da96cf9 DependenciesID=b4fbeaf3c81a658b6cc3b0b259d5ffc2 StaticDependenciesID=118f3b24fe706d749894ffc35114adf3 
Number of updated asset objects reloaded before import = 0
Number of asset objects unloaded after import = 1
========================================================================
Received Import Request.
  Time of request: 2026-08-26T03:50:21.0886417Z
  Time since last request: 0.0001945 seconds.
  importAddress: GUID: 17596862bc3cb7d479447c832df79269 - Path: Assets/Scripts/Core/GameManager.cs - Importer: ScriptedImporter/UnityEditor.QuickSearchModule:UnityEditor.Search:ASIAI0B
Importing 'GUID: 17596862bc3cb7d479447c832df79269 - Path: Assets/Scripts/Core/GameManager.cs - Importer: ScriptedImporter/UnityEditor.QuickSearchModule:UnityEditor.Search:ASIAI0B' with importer (ScriptedImporter : UnityEditor.QuickSearchModule:UnityEditor.Search:ASIAI0B)
Imported 'GUID: 17596862bc3cb7d479447c832df79269' -> (Import Result ID: '754b66e066c9af0bd78ec4afbb6a1c65') in 0.004 seconds [static and dynamic dependencies]. Details - ImportResultOutputID=9bc9448d4c8cfcf7dd60c6dff2229d00 DependenciesID=46f7e3f5ec433c668efb79810c623ab4 StaticDependenciesID=03d0df7fdb118bcfc6ccad465adb4614 
Number of updated asset objects reloaded before import = 0
Number of asset objects unloaded after import = 0
========================================================================
Received Import Request.
  Time of request: 2026-08-26T03:50:21.1064569Z
  Time since last request: 0.0003947 seconds.
  importAddress: GUID: 7c090aaceeeb39645bb62ae2547eb10f - Path: Assets/Materials/Ground.mat - Importer: ScriptedImporter/UnityEditor.QuickSearchModule:UnityEditor.Search:ASIAI0B
Importing 'GUID: 7c090aaceeeb39645bb62ae2547eb10f - Path: Assets/Materials/Ground.mat - Importer: ScriptedImporter/UnityEditor.QuickSearchModule:UnityEditor.Search:ASIAI0B' with importer (ScriptedImporter : UnityEditor.QuickSearchModule:UnityEditor.Search:ASIAI0B)
Imported 'GUID: 7c090aaceeeb39645bb62ae2547eb10f' -> (Import Result ID: '0972cd7fc7037670fc589580d9efb07c') in 0.019 seconds [static and dynamic dependencies]. Details - ImportResultOutputID=c97a05703f23913dcbb98bf02086b2d6 DependenciesID=a541d60f275fc5a62383b655210df19d StaticDependenciesID=a40aebd33bdfe7e69c62954ab9912711 
Number of updated asset objects reloaded before import = 0
Number of asset objects unloaded after import = 2
========================================================================
Received Import Request.
  Time of request: 2026-08-26T03:50:21.1367634Z
  Time since last request: 0.0002787 seconds.
  importAddress: GUID: 2e98aa29c700a8c4ebb5bc236fee0511 - Path: Assets/Scripts/Core/GridOverlay.cs - Importer: ScriptedImporter/UnityEditor.QuickSearchModule:UnityEditor.Search:ASIAI0B
Importing 'GUID: 2e98aa29c700a8c4ebb5bc236fee0511 - Path: Assets/Scripts/Core/GridOverlay.cs - Importer: ScriptedImporter/UnityEditor.QuickSearchModule:UnityEditor.Search:ASIAI0B' with importer (ScriptedImporter : UnityEditor.QuickSearchModule:UnityEditor.Search:ASIAI0B)
Imported 'GUID: 2e98aa29c700a8c4ebb5bc236fee0511' -> (Import Result ID: 'f7f5c3ae6063a071ab6772238294156d') in 0.004 seconds [static and dynamic dependencies]. Details - ImportResultOutputID=d4436e57d1d9d7db3ca8141e9d779997 DependenciesID=7f818e0d1464aa4d1495f7813edbaa02 StaticDependenciesID=ced38b909225b3ec3a46776783af5c8a 
Number of updated asset objects reloaded before import = 0
Number of asset objects unloaded after import = 0
========================================================================
Received Import Request.
  Time of request: 2026-08-26T03:50:21.1526501Z
  Time since last request: 0.0002705 seconds.
  importAddress: GUID: f57d671651008f94d8ee983e86a45135 - Path: Assets/Scripts/Configs/GroundConfig.cs - Importer: ScriptedImporter/UnityEditor.QuickSearchModule:UnityEditor.Search:ASIAI0B
Importing 'GUID: f57d671651008f94d8ee983e86a45135 - Path: Assets/Scripts/Configs/GroundConfig.cs - Importer: ScriptedImporter/UnityEditor.QuickSearchModule:UnityEditor.Search:ASIAI0B' with importer (ScriptedImporter : UnityEditor.QuickSearchModule:UnityEditor.Search:ASIAI0B)
Imported 'GUID: f57d671651008f94d8ee983e86a45135' -> (Import Result ID: 'be87d83c440057456a348be24e78d8a6') in 0.005 seconds [static and dynamic dependencies]. Details - ImportResultOutputID=24482ce8729acc5fce843716b745a39e DependenciesID=588190a28e4c24e97bd9c1136ed6994e StaticDependenciesID=20d718331fb49bb822410f8dbe92d4c8 
Number of updated asset objects reloaded before import = 0
Number of asset objects unloaded after import = 0
========================================================================
Received Import Request.
  Time of request: 2026-08-26T03:50:21.1718925Z
  Time since last request: 0.0004305 seconds.
  importAddress: GUID: 0e74d10213652b641bfa21e5ab76f75b - Path: Assets/Prefabs/Logistics/Conveyors/Corners - Importer: ScriptedImporter/UnityEditor.QuickSearchModule:UnityEditor.Search:ASIAI0B
Importing 'GUID: 0e74d10213652b641bfa21e5ab76f75b - Path: Assets/Prefabs/Logistics/Conveyors/Corners - Importer: ScriptedImporter/UnityEditor.QuickSearchModule:UnityEditor.Search:ASIAI0B' with importer (ScriptedImporter : UnityEditor.QuickSearchModule:UnityEditor.Search:ASIAI0B)
Imported 'GUID: 0e74d10213652b641bfa21e5ab76f75b' -> (Import Result ID: '9422fd7afb67418e343dbafbb0e6bdb4') in 0.005 seconds [static and dynamic dependencies]. Details - ImportResultOutputID=7875feac0e5d885fb29bf9866c6d40f6 DependenciesID=27e8cabbab91b1cc98046683ef717988 StaticDependenciesID=660032334ea22d0daa4ea9f1902e32e1 
Number of updated asset objects reloaded before import = 0
Number of asset objects unloaded after import = 1
========================================================================
Received Import Request.
  Time of request: 2026-08-26T03:50:21.1882435Z
  Time since last request: 0.0005026 seconds.
  importAddress: GUID: c21e8565fffb708489172826efac19aa - Path: Assets/Prefabs/Logistics/Conveyors/EndCaps - Importer: ScriptedImporter/UnityEditor.QuickSearchModule:UnityEditor.Search:ASIAI0B
Importing 'GUID: c21e8565fffb708489172826efac19aa - Path: Assets/Prefabs/Logistics/Conveyors/EndCaps - Importer: ScriptedImporter/UnityEditor.QuickSearchModule:UnityEditor.Search:ASIAI0B' with importer (ScriptedImporter : UnityEditor.QuickSearchModule:UnityEditor.Search:ASIAI0B)
Imported 'GUID: c21e8565fffb708489172826efac19aa' -> (Import Result ID: '9a724a044cf4446301250fad0f30d59f') in 0.003 seconds [static and dynamic dependencies]. Details - ImportResultOutputID=aa46f6a170a391b6e484c2b8e09ee999 DependenciesID=1e4728e0c769ee0178497819bd34d0b9 StaticDependenciesID=9becaeb48e5c5b52bff102c2c9c256b7 
Number of updated asset objects reloaded before import = 0
Number of asset objects unloaded after import = 1
========================================================================
Received Import Request.
  Time of request: 2026-08-26T03:50:21.201862Z
  Time since last request: 0.000322 seconds.
  importAddress: GUID: 5d1e34a17ba0513499fdae59c40d0ff0 - Path: Assets/Prefabs - Importer: ScriptedImporter/UnityEditor.QuickSearchModule:UnityEditor.Search:ASIAI0B
Importing 'GUID: 5d1e34a17ba0513499fdae59c40d0ff0 - Path: Assets/Prefabs - Importer: ScriptedImporter/UnityEditor.QuickSearchModule:UnityEditor.Search:ASIAI0B' with importer (ScriptedImporter : UnityEditor.QuickSearchModule:UnityEditor.Search:ASIAI0B)
Imported 'GUID: 5d1e34a17ba0513499fdae59c40d0ff0' -> (Import Result ID: '8c5da1b36cd7ddf44f57fe722b7567da') in 0.004 seconds [static and dynamic dependencies]. Details - ImportResultOutputID=3ae699ed93d658f86dda696608016fc7 DependenciesID=9296956c2ea0d545193aec911b8bc352 StaticDependenciesID=60c353f518db2cce2ee5e35c91fb22ba 
Number of updated asset objects reloaded before import = 0
Number of asset objects unloaded after import = 1
Editor requested this worker to shutdown with reason: Scaling down because of idle timeout
AssetImportWorkerClient::OnTransportError - code=2 error=End of file
AcceleratorClientConnectionCallback - disconnected - :0
AssetImportWorker is now disconnected from the server
Process exiting
Exiting without the bug reporter. Application will terminate with return code 0