[Licensing::Module] Trying to connect to existing licensing client channel...
Built from '6000.5/staging' branch; Version is '6000.5.8f1 (5cb7df797b7d) revision 6076383'; Using compiler version '194234433'; Build Type 'Release'
OS: 'Windows 11  (10.0.26200) Core' Language: 'en' Physical Memory: 32632 MB
[Licensing::IpcConnector] Successfully connected to: "LicenseClient-Len" at "2026-08-22T19:15:03.371699Z"
BatchMode: 1, IsHumanControllingUs: 0, StartBugReporterOnCrash: 0, Is64bit: 1
System  architecture: x64
Process architecture: x64
Date: 2026-08-22T19:15:03Z

COMMAND LINE ARGUMENTS:
C:\Program Files\Unity\Hub\Editor\6000.5.8f1\Editor\Unity.exe
-adb2
-batchMode
-noUpm
-name
AssetImportWorkerHW6
-projectPath
C:/Users/Len/Lenomation_V2
-logFile
Logs/AssetImportWorkerHW6.log
-srvPort
54186
-parentPid
56736
-analyticsCloudUserId
6500056
-analyticsCloudProjectId
d4bd3705-ef66-4a7f-a957-26420a1623b4
-analyticsLocalProjectId
8e7375077c7d6ed489e08d0c406dd2f5
-editorAnalyticsEnabled
1
-cbmEditorLicense
a6b17b70c364649abcf2a12ba2e16345950779f9
-cbmMachineId
YsBmvqtNExQjYkfo7ZFy7ZTOaSw=
-licensingIpc
LicenseClient-Len
-noDiagnosticSwitchPersistentStore
-job-worker-count
7
-background-job-worker-count
8
-asset-garbage-collectors
1
-force-d3d12
-name
AssetImport
Successfully changed project path to: C:/Users/Len/Lenomation_V2
C:/Users/Len/Lenomation_V2
[UnityMemory] Configuration Parameters - Can be set up in boot.config
    "memorysetup-temp-allocator-size-gi-baking-worker=262144"
    "memorysetup-temp-allocator-size-gi-baking-worker=262144"
    "memorysetup-temp-allocator-size-gi-baking-worker=262144"
    "memorysetup-temp-allocator-size-gi-baking-worker=262144"
    "memorysetup-temp-allocator-size-gi-baking-worker=262144"
    "memorysetup-temp-allocator-size-nav-mesh-worker=65536"
    "memorysetup-temp-allocator-size-audio-worker=65536"
    "memorysetup-temp-allocator-size-cloud-worker=32768"
    "memorysetup-temp-allocator-size-gfx=262144"
    "memorysetup-temp-allocator-size-preload-manager=33554432"
    "memorysetup-allocator-temp-initial-block-size-main=262144"
    "memorysetup-allocator-temp-initial-block-size-worker=262144"
    "memorysetup-temp-allocator-size-job-worker=262144"
    "memorysetup-temp-allocator-size-background-worker=32768"
    "memorysetup-bucket-allocator-granularity=16"
    "memorysetup-bucket-allocator-bucket-count=8"
    "memorysetup-bucket-allocator-block-size=33554432"
    "memorysetup-bucket-allocator-block-count=8"
    "memorysetup-main-allocator-block-size=16777216"
    "memorysetup-thread-allocator-block-size=16777216"
    "memorysetup-main-allocator-mimalloc-enabled=0"
    "memorysetup-gfx-main-allocator-block-size=16777216"
    "memorysetup-gfx-thread-allocator-block-size=16777216"
    "memorysetup-cache-allocator-block-size=4194304"
    "memorysetup-typetree-allocator-block-size=2097152"
    "memorysetup-profiler-bucket-allocator-granularity=16"
    "memorysetup-profiler-bucket-allocator-bucket-count=8"
    "memorysetup-profiler-bucket-allocator-block-size=33554432"
    "memorysetup-profiler-bucket-allocator-block-count=8"
    "memorysetup-profiler-allocator-block-size=16777216"
    "memorysetup-profiler-editor-allocator-block-size=1048576"
    "memorysetup-temp-allocator-size-main=16777216"
    "memorysetup-job-temp-allocator-block-size=2097152"
    "memorysetup-job-temp-allocator-block-size-background=1048576"
    "memorysetup-job-temp-allocator-reduction-small-platforms=262144"
Player connection [57568]  Target information:

Player connection [57568]  * "[IP] 192.168.1.149 [Port] 0 [Flags] 2 [Guid] 2254245879 [EditorId] 2254245879 [Version] 1048832 [Id] WindowsEditor(7,LenPC) [Debug] 1 [PackageName] WindowsEditor [ProjectName] Editor" 

Player connection [57568] Host joined multi-casting on [225.0.0.222:54997]...
Player connection [57568] Host joined alternative multi-casting on [225.0.0.222:34997]...
JobSystem: Creating JobQueue using job-worker-count value 7
Input System module state changed to: Initialized.
[Physics::Module] Initialized fallback backend.
[Physics::Module] Id: 0xdecafbad
Library Redirect Path: Library/
[Physics::Module] Selected backend.
[Physics::Module] Name: PhysX
[Physics::Module] Id: 0xf2b8ea05
[Physics::Module] SDK Version: 4.1.2
[Physics::Module] Integration Version: 1.0.0
[Physics::Module] Threading Mode: Multi-Threaded
Refreshing native plugins compatible for Editor in 29.24 ms, found 5 plugins.
Initialize engine version: 6000.5.8f1 (5cb7df797b7d)
[Subsystems] Discovering subsystems at path C:/Program Files/Unity/Hub/Editor/6000.5.8f1/Editor/Data/Resources/UnitySubsystems
[Subsystems] Discovering subsystems at path C:/Users/Len/Lenomation_V2/Assets
Forcing GfxDevice: Direct3D 12
GfxDevice: creating device client; kGfxThreadingModeNonThreaded
d3d12: failed to query info queue interface (0x80004002).
Direct3D:
    Version:         Direct3D 12 [level 12.2]
    Renderer:        NVIDIA GeForce RTX 3080 Ti (ID=0x2208)
    Vendor:          NVIDIA
    VRAM:            12086 MB
    App VRAM Budget: 11318 MB
    Driver:          32.0.16.1088
Initialize mono
Mono path[0] = 'C:/Program Files/Unity/Hub/Editor/6000.5.8f1/Editor/Data/Managed'
Mono path[1] = 'C:/Program Files/Unity/Hub/Editor/6000.5.8f1/Editor/Data/BCLExtensions/runtime/netstandard2.1'
Mono path[2] = 'C:/Program Files/Unity/Hub/Editor/6000.5.8f1/Editor/Data/MonoBleedingEdge/lib/mono/unityjit-win32'
Mono config path = 'C:/Program Files/Unity/Hub/Editor/6000.5.8f1/Editor/Data/MonoBleedingEdge/etc'
Using monoOptions --debugger-agent=transport=dt_socket,embedding=1,server=y,suspend=n,address=127.0.0.1:56728
[Licensing::Client] Error: HandshakeResponse reported an error:
	ResponseCode: 505
	ResponseStatus: Unsupported protocol version '1.18.1'.
[Licensing::Module] Error: Failed to handshake to channel: "LicenseClient-Len"
[Licensing::IpcConnector] LicenseClient-Len channel disconnected successfully.
[Licensing::IpcConnector] Successfully connected to: "LicenseClient-Len-6000.5.8" at "2026-08-22T19:15:04.5954353Z"
CodeReloadManager initialized
[Licensing::Client] Code 10 while verifying Licensing Client signature (process Id: 40036, path: "C:/Program Files/Unity/Hub/Editor/6000.5.8f1/Editor/Data/Resources/Licensing/Client/Unity.Licensing.Client.exe")
[Licensing::Module] LicensingClient has failed validation; ignoring
[Licensing::Client] Handshaking with LicensingClient:
  Version:                 1.18.1+9fbee8e
  Session Id:              9e444ace79ca47cd948b40b1a845c000
  Correlation Id:          c01d8b776d7602620a2183810e6927cd
  External correlation Id: 1443919845340624360
  Machine Id:              YsBmvqtNExQjYkfo7ZFy7ZTOaSw=
[Licensing::Module] Successfully connected to LicensingClient on channel: "LicenseClient-Len-6000.5.8" (connect: 0.00s, validation: 0.00s, handshake: 0.04s)
[Licensing::IpcConnector] Successfully connected to: "LicenseClient-Len-6000.5.8-notifications" at "2026-08-22T19:15:04.6413584Z"
[Licensing::Module] Licensing Background thread has ended after 1.27s
Begin MonoManager ReloadAssembly
Registering precompiled unity dll's ...
Register platform support module: C:/Program Files/Unity/Hub/Editor/6000.5.8f1/Editor/Data/PlaybackEngines/WebGLSupport/UnityEditor.WebGL.Extensions.dll
Register platform support module: C:/Program Files/Unity/Hub/Editor/6000.5.8f1/Editor/Data/PlaybackEngines/WindowsStandaloneSupport/UnityEditor.WindowsStandalone.Extensions.dll
Registered in 0.003209 seconds.
Native extension for WindowsStandalone target not found
Native extension for WebGL target not found
Package Manager log level set to [2]
[Package Manager] Failed to launch server process. Reason: Unity was launched with the -noUpm command-line argument
[Package Manager] Unable to send message (not connected to server process).
[Package Manager] Cannot connect to Unity Package Manager local server
ScheduleIndexationOnStartup MainProcess:False IndexOnStartup:True
Mono: successfully reloaded assembly
- Finished resetting the current domain, in  2.374 seconds
Domain Reload Profiling: 3330ms
	BeginReloadAssembly (118ms)
	RebuildCommonClasses (4ms)
	RebuildNativeTypeToScriptingClass (112ms)
	initialDomainReloadingComplete (75ms)
	LoadAllAssembliesAndSetupDomain (645ms)
		LoadAssemblies (115ms)
		AnalyzeDomain (572ms)
			TypeCache.Refresh (570ms)
				TypeCache.ScanAssembly (345ms)
	FinalizeReload (2375ms)
		SetupLoadedEditorAssemblies (0ms)
			BeforeProcessingInitializeOnLoad (85ms)
			ProcessInitializeOnLoadAttributes (87ms)
			ProcessInitializeOnLoadMethodAttributes (2123ms)
Initializing Unity extensions:
[Licensing::Client] Successfully resolved entitlement details
[Licensing::Module] License group:
  Id: 6500056-UnityPersXXXX
  Product: Unity Personal
  Type: Assigned
  Expiration: Unlimited
========================================================================
Worker process is ready to serve import requests
Import Worker Mode flag is 0x00
Curl error 3: URL rejected: Malformed input to a URL function
Begin MonoManager ReloadAssembly
Symbol file LoadedFromMemory is not a mono symbol file
Symbol file LoadedFromMemory is not a mono symbol file
Refreshing native plugins compatible for Editor in 3.31 ms, found 5 plugins.
Native extension for WindowsStandalone target not found
Native extension for WebGL target not found
[Package Manager] Failed to launch server process. Reason: Unity was launched with the -noUpm command-line argument
[Package Manager] Unable to send message (not connected to server process).
[Package Manager] Cannot connect to Unity Package Manager local server
Refreshing native plugins compatible for Editor in 3.99 ms, found 5 plugins.
Refreshing native plugins compatible for Editor in 4.03 ms, found 5 plugins.
[Package Manager] Failed to launch server process. Reason: Unity was launched with the -noUpm command-line argument
[Package Manager] Unable to send message (not connected to server process).
[Package Manager] Cannot connect to Unity Package Manager local server
[Licensing::Client] Error: Code 404 while processing request (status: Found 0 entitlement groups and 0 free entitlements matching requested entitlement ids)
ScheduleIndexationOnStartup MainProcess:False IndexOnStartup:True
Mono: successfully reloaded assembly
- Finished resetting the current domain, in  2.748 seconds
Domain Reload Profiling: 4533ms
	BeginReloadAssembly (246ms)
		DisableScriptedObjects (11ms)
		CreateAndSetChildDomain (45ms)
	RebuildCommonClasses (10ms)
	RebuildNativeTypeToScriptingClass (27ms)
	initialDomainReloadingComplete (116ms)
	LoadAllAssembliesAndSetupDomain (1385ms)
		LoadAssemblies (605ms)
		AnalyzeDomain (702ms)
			TypeCache.Refresh (592ms)
				TypeCache.ScanAssembly (566ms)
			BuildScriptInfoCaches (102ms)
			ResolveRequiredComponents (5ms)
	FinalizeReload (2749ms)
		SetupLoadedEditorAssemblies (0ms)
			InitializePlatformSupportModulesInManaged (3ms)
			BeforeProcessingInitializeOnLoad (228ms)
			ProcessInitializeOnLoadAttributes (1632ms)
			ProcessInitializeOnLoadMethodAttributes (532ms)
			AfterProcessingInitializeOnLoad (8ms)
		AwakeInstancesAfterBackupRestoration (10ms)
AcceleratorClientConnectionCallback - disconnected - :0
Launched and connected shader compiler UnityShaderCompiler.exe after 0.01 seconds
Refreshing native plugins compatible for Editor in 2.74 ms, found 5 plugins.
Unloading 65 Unused Serialized files (Serialized files now loaded: 0)
Curl error 3: URL rejected: Malformed input to a URL function
Unloading 10292 unused Assets / (24.2 MB). Loaded Objects now: 11273.
Memory consumption went from 484.4 MB to 460.2 MB.
Total: 29.094000 ms (FindLiveObjects: 1.700300 ms CreateObjectMapping: 4.319700 ms MarkObjects: 15.925400 ms  DeleteObjects: 7.145700 ms)

Curl error 23: Failure writing output to destination, passed 293 returned 0
========================================================================
Received Prepare
AcceleratorClientConnectionCallback - disconnected - :0
Begin MonoManager ReloadAssembly
Symbol file LoadedFromMemory is not a mono symbol file
Symbol file LoadedFromMemory is not a mono symbol file
Refreshing native plugins compatible for Editor in 3.25 ms, found 5 plugins.
Native extension for WindowsStandalone target not found
Native extension for WebGL target not found
[Package Manager] Failed to launch server process. Reason: Unity was launched with the -noUpm command-line argument
[Package Manager] Unable to send message (not connected to server process).
[Package Manager] Cannot connect to Unity Package Manager local server
Refreshing native plugins compatible for Editor in 2.69 ms, found 5 plugins.
[Package Manager] Failed to launch server process. Reason: Unity was launched with the -noUpm command-line argument
[Package Manager] Unable to send message (not connected to server process).
[Package Manager] Cannot connect to Unity Package Manager local server
[Licensing::Client] Error: Code 404 while processing request (status: Found 0 entitlement groups and 0 free entitlements matching requested entitlement ids)
ScheduleIndexationOnStartup MainProcess:False IndexOnStartup:True
Mono: successfully reloaded assembly
- Finished resetting the current domain, in  2.178 seconds
Domain Reload Profiling: 3689ms
	BeginReloadAssembly (350ms)
		DisableScriptedObjects (12ms)
		CreateAndSetChildDomain (124ms)
	RebuildCommonClasses (12ms)
	RebuildNativeTypeToScriptingClass (23ms)
	initialDomainReloadingComplete (122ms)
	LoadAllAssembliesAndSetupDomain (1002ms)
		LoadAssemblies (508ms)
		AnalyzeDomain (434ms)
			TypeCache.Refresh (16ms)
			BuildScriptInfoCaches (412ms)
			ResolveRequiredComponents (4ms)
	FinalizeReload (2179ms)
		SetupLoadedEditorAssemblies (0ms)
			BeforeProcessingInitializeOnLoad (153ms)
			ProcessInitializeOnLoadAttributes (977ms)
			ProcessInitializeOnLoadMethodAttributes (601ms)
			AfterProcessingInitializeOnLoad (10ms)
		AwakeInstancesAfterBackupRestoration (30ms)
Refreshing native plugins compatible for Editor in 3.58 ms, found 5 plugins.
Unloading 65 Unused Serialized files (Serialized files now loaded: 0)
Unloading 10288 unused Assets / (21.5 MB). Loaded Objects now: 11317.
Memory consumption went from 485.7 MB to 464.2 MB.
Total: 31.787900 ms (FindLiveObjects: 1.080000 ms CreateObjectMapping: 4.549800 ms MarkObjects: 19.605200 ms  DeleteObjects: 6.551600 ms)

Prepare: number of updated asset objects reloaded= 0
========================================================================
Received Import Request.
  Time of request: 2026-08-22T19:15:25.2843462Z
  Time since last request: 260657.97460950000095 seconds.
  importAddress: GUID: 06f18915956489244aab6606b88ade3d - Path: Assets/Scripts/Core/VertexDebug.cs - Importer: PreviewImporter
Importing 'GUID: 06f18915956489244aab6606b88ade3d - Path: Assets/Scripts/Core/VertexDebug.cs - Importer: PreviewImporter' with importer (PreviewImporter)
Imported 'GUID: 06f18915956489244aab6606b88ade3d' -> (Import Result ID: '00000000000000000000000000000000') in 0.006 seconds
Import Error Code:(4)
Message: Build asset version error: assets/scripts/core/vertexdebug.cs in SourceAssetDB has modification time of '2026-08-22T19:15:06.1804573Z' while content on disk has modification time of '2026-08-22T19:15:15.532Z'
  ERROR: Build asset version error: assets/scripts/core/vertexdebug.cs in SourceAssetDB has modification time of '2026-08-22T19:15:06.1804573Z' while content on disk has modification time of '2026-08-22T19:15:15.532Z'
Number of updated asset objects reloaded before import = 0
Number of asset objects unloaded after import = 0
========================================================================
Received Import Request.
  Time of request: 2026-08-22T19:15:25.3089617Z
  Time since last request: 0.0023967 seconds.
  importAddress: GUID: 06f18915956489244aab6606b88ade3d - Path: Assets/Scripts/Core/VertexDebug.cs - Importer: PreviewImporter
Importing 'GUID: 06f18915956489244aab6606b88ade3d - Path: Assets/Scripts/Core/VertexDebug.cs - Importer: PreviewImporter' with importer (PreviewImporter)
Imported 'GUID: 06f18915956489244aab6606b88ade3d' -> (Import Result ID: '00000000000000000000000000000000') in 0.002 seconds
Import Error Code:(4)
Message: Build asset version error: assets/scripts/core/vertexdebug.cs in SourceAssetDB has modification time of '2026-08-22T19:15:06.1804573Z' while content on disk has modification time of '2026-08-22T19:15:15.532Z'
  ERROR: Build asset version error: assets/scripts/core/vertexdebug.cs in SourceAssetDB has modification time of '2026-08-22T19:15:06.1804573Z' while content on disk has modification time of '2026-08-22T19:15:15.532Z'
Number of updated asset objects reloaded before import = 0
Number of asset objects unloaded after import = 0
========================================================================
Received Import Request.
  Time of request: 2026-08-22T19:15:25.3346544Z
  Time since last request: 0.0112021 seconds.
  importAddress: GUID: 06f18915956489244aab6606b88ade3d - Path: Assets/Scripts/Core/VertexDebug.cs - Importer: PreviewImporter
Importing 'GUID: 06f18915956489244aab6606b88ade3d - Path: Assets/Scripts/Core/VertexDebug.cs - Importer: PreviewImporter' with importer (PreviewImporter)
Imported 'GUID: 06f18915956489244aab6606b88ade3d' -> (Import Result ID: '00000000000000000000000000000000') in 0.001 seconds
Import Error Code:(4)
Message: Build asset version error: assets/scripts/core/vertexdebug.cs in SourceAssetDB has modification time of '2026-08-22T19:15:06.1804573Z' while content on disk has modification time of '2026-08-22T19:15:15.532Z'
  ERROR: Build asset version error: assets/scripts/core/vertexdebug.cs in SourceAssetDB has modification time of '2026-08-22T19:15:06.1804573Z' while content on disk has modification time of '2026-08-22T19:15:15.532Z'
Number of updated asset objects reloaded before import = 0
Number of asset objects unloaded after import = 0
========================================================================
Received Import Request.
  Time of request: 2026-08-22T19:15:25.3644103Z
  Time since last request: 0.0143287 seconds.
  importAddress: GUID: 06f18915956489244aab6606b88ade3d - Path: Assets/Scripts/Core/VertexDebug.cs - Importer: PreviewImporter
Importing 'GUID: 06f18915956489244aab6606b88ade3d - Path: Assets/Scripts/Core/VertexDebug.cs - Importer: PreviewImporter' with importer (PreviewImporter)
Imported 'GUID: 06f18915956489244aab6606b88ade3d' -> (Import Result ID: '00000000000000000000000000000000') in 0.000 seconds
Import Error Code:(4)
Message: Build asset version error: assets/scripts/core/vertexdebug.cs in SourceAssetDB has modification time of '2026-08-22T19:15:06.1804573Z' while content on disk has modification time of '2026-08-22T19:15:15.532Z'
  ERROR: Build asset version error: assets/scripts/core/vertexdebug.cs in SourceAssetDB has modification time of '2026-08-22T19:15:06.1804573Z' while content on disk has modification time of '2026-08-22T19:15:15.532Z'
Number of updated asset objects reloaded before import = 0
Number of asset objects unloaded after import = 0
========================================================================
Received Import Request.
  Time of request: 2026-08-22T19:15:25.3879255Z
  Time since last request: 0.0084288 seconds.
  importAddress: GUID: 06f18915956489244aab6606b88ade3d - Path: Assets/Scripts/Core/VertexDebug.cs - Importer: PreviewImporter
Importing 'GUID: 06f18915956489244aab6606b88ade3d - Path: Assets/Scripts/Core/VertexDebug.cs - Importer: PreviewImporter' with importer (PreviewImporter)
Imported 'GUID: 06f18915956489244aab6606b88ade3d' -> (Import Result ID: '00000000000000000000000000000000') in 0.001 seconds
Import Error Code:(4)
Message: Build asset version error: assets/scripts/core/vertexdebug.cs in SourceAssetDB has modification time of '2026-08-22T19:15:06.1804573Z' while content on disk has modification time of '2026-08-22T19:15:15.532Z'
  ERROR: Build asset version error: assets/scripts/core/vertexdebug.cs in SourceAssetDB has modification time of '2026-08-22T19:15:06.1804573Z' while content on disk has modification time of '2026-08-22T19:15:15.532Z'
Number of updated asset objects reloaded before import = 0
Number of asset objects unloaded after import = 0
========================================================================
Received Import Request.
  Time of request: 2026-08-22T19:15:25.4118972Z
  Time since last request: 0.0089091 seconds.
  importAddress: GUID: 06f18915956489244aab6606b88ade3d - Path: Assets/Scripts/Core/VertexDebug.cs - Importer: PreviewImporter
Importing 'GUID: 06f18915956489244aab6606b88ade3d - Path: Assets/Scripts/Core/VertexDebug.cs - Importer: PreviewImporter' with importer (PreviewImporter)
Imported 'GUID: 06f18915956489244aab6606b88ade3d' -> (Import Result ID: '00000000000000000000000000000000') in 0.001 seconds
Import Error Code:(4)
Message: Build asset version error: assets/scripts/core/vertexdebug.cs in SourceAssetDB has modification time of '2026-08-22T19:15:06.1804573Z' while content on disk has modification time of '2026-08-22T19:15:15.532Z'
  ERROR: Build asset version error: assets/scripts/core/vertexdebug.cs in SourceAssetDB has modification time of '2026-08-22T19:15:06.1804573Z' while content on disk has modification time of '2026-08-22T19:15:15.532Z'
Number of updated asset objects reloaded before import = 0
Number of asset objects unloaded after import = 0
========================================================================
Received Import Request.
  Time of request: 2026-08-22T19:15:25.4364432Z
  Time since last request: 0.0095036 seconds.
  importAddress: GUID: 06f18915956489244aab6606b88ade3d - Path: Assets/Scripts/Core/VertexDebug.cs - Importer: PreviewImporter
Importing 'GUID: 06f18915956489244aab6606b88ade3d - Path: Assets/Scripts/Core/VertexDebug.cs - Importer: PreviewImporter' with importer (PreviewImporter)
Imported 'GUID: 06f18915956489244aab6606b88ade3d' -> (Import Result ID: '00000000000000000000000000000000') in 0.001 seconds
Import Error Code:(4)
Message: Build asset version error: assets/scripts/core/vertexdebug.cs in SourceAssetDB has modification time of '2026-08-22T19:15:06.1804573Z' while content on disk has modification time of '2026-08-22T19:15:15.532Z'
  ERROR: Build asset version error: assets/scripts/core/vertexdebug.cs in SourceAssetDB has modification time of '2026-08-22T19:15:06.1804573Z' while content on disk has modification time of '2026-08-22T19:15:15.532Z'
Number of updated asset objects reloaded before import = 0
Number of asset objects unloaded after import = 0
========================================================================
Received Import Request.
  Time of request: 2026-08-22T19:15:25.4604602Z
  Time since last request: 0.0099026 seconds.
  importAddress: GUID: 06f18915956489244aab6606b88ade3d - Path: Assets/Scripts/Core/VertexDebug.cs - Importer: PreviewImporter
Importing 'GUID: 06f18915956489244aab6606b88ade3d - Path: Assets/Scripts/Core/VertexDebug.cs - Importer: PreviewImporter' with importer (PreviewImporter)
Imported 'GUID: 06f18915956489244aab6606b88ade3d' -> (Import Result ID: '00000000000000000000000000000000') in 0.001 seconds
Import Error Code:(4)
Message: Build asset version error: assets/scripts/core/vertexdebug.cs in SourceAssetDB has modification time of '2026-08-22T19:15:06.1804573Z' while content on disk has modification time of '2026-08-22T19:15:15.532Z'
  ERROR: Build asset version error: assets/scripts/core/vertexdebug.cs in SourceAssetDB has modification time of '2026-08-22T19:15:06.1804573Z' while content on disk has modification time of '2026-08-22T19:15:15.532Z'
Number of updated asset objects reloaded before import = 0
Number of asset objects unloaded after import = 0
========================================================================
Received Import Request.
  Time of request: 2026-08-22T19:15:25.4854484Z
  Time since last request: 0.0102562 seconds.
  importAddress: GUID: 06f18915956489244aab6606b88ade3d - Path: Assets/Scripts/Core/VertexDebug.cs - Importer: PreviewImporter
Importing 'GUID: 06f18915956489244aab6606b88ade3d - Path: Assets/Scripts/Core/VertexDebug.cs - Importer: PreviewImporter' with importer (PreviewImporter)
Imported 'GUID: 06f18915956489244aab6606b88ade3d' -> (Import Result ID: '00000000000000000000000000000000') in 0.001 seconds
Import Error Code:(4)
Message: Build asset version error: assets/scripts/core/vertexdebug.cs in SourceAssetDB has modification time of '2026-08-22T19:15:06.1804573Z' while content on disk has modification time of '2026-08-22T19:15:15.532Z'
  ERROR: Build asset version error: assets/scripts/core/vertexdebug.cs in SourceAssetDB has modification time of '2026-08-22T19:15:06.1804573Z' while content on disk has modification time of '2026-08-22T19:15:15.532Z'
Number of updated asset objects reloaded before import = 0
Number of asset objects unloaded after import = 0
========================================================================
Received Import Request.
  Time of request: 2026-08-22T19:15:25.5093056Z
  Time since last request: 0.01057 seconds.
  importAddress: GUID: 06f18915956489244aab6606b88ade3d - Path: Assets/Scripts/Core/VertexDebug.cs - Importer: PreviewImporter
Importing 'GUID: 06f18915956489244aab6606b88ade3d - Path: Assets/Scripts/Core/VertexDebug.cs - Importer: PreviewImporter' with importer (PreviewImporter)
Imported 'GUID: 06f18915956489244aab6606b88ade3d' -> (Import Result ID: '00000000000000000000000000000000') in 0.000 seconds
Import Error Code:(4)
Message: Build asset version error: assets/scripts/core/vertexdebug.cs in SourceAssetDB has modification time of '2026-08-22T19:15:06.1804573Z' while content on disk has modification time of '2026-08-22T19:15:15.532Z'
  ERROR: Build asset version error: assets/scripts/core/vertexdebug.cs in SourceAssetDB has modification time of '2026-08-22T19:15:06.1804573Z' while content on disk has modification time of '2026-08-22T19:15:15.532Z'
Number of updated asset objects reloaded before import = 0
Number of asset objects unloaded after import = 0
========================================================================
Received Import Request.
  Time of request: 2026-08-22T19:15:25.5332154Z
  Time since last request: 0.009407 seconds.
  importAddress: GUID: 06f18915956489244aab6606b88ade3d - Path: Assets/Scripts/Core/VertexDebug.cs - Importer: PreviewImporter
Importing 'GUID: 06f18915956489244aab6606b88ade3d - Path: Assets/Scripts/Core/VertexDebug.cs - Importer: PreviewImporter' with importer (PreviewImporter)
Imported 'GUID: 06f18915956489244aab6606b88ade3d' -> (Import Result ID: '00000000000000000000000000000000') in 0.001 seconds
Import Error Code:(4)
Message: Build asset version error: assets/scripts/core/vertexdebug.cs in SourceAssetDB has modification time of '2026-08-22T19:15:06.1804573Z' while content on disk has modification time of '2026-08-22T19:15:15.532Z'
  ERROR: Build asset version error: assets/scripts/core/vertexdebug.cs in SourceAssetDB has modification time of '2026-08-22T19:15:06.1804573Z' while content on disk has modification time of '2026-08-22T19:15:15.532Z'
Number of updated asset objects reloaded before import = 0
Number of asset objects unloaded after import = 0
========================================================================
Received Import Request.
  Time of request: 2026-08-22T19:15:25.5537746Z
  Time since last request: 0.0054285 seconds.
  importAddress: GUID: 06f18915956489244aab6606b88ade3d - Path: Assets/Scripts/Core/VertexDebug.cs - Importer: PreviewImporter
Importing 'GUID: 06f18915956489244aab6606b88ade3d - Path: Assets/Scripts/Core/VertexDebug.cs - Importer: PreviewImporter' with importer (PreviewImporter)
Imported 'GUID: 06f18915956489244aab6606b88ade3d' -> (Import Result ID: '00000000000000000000000000000000') in 0.001 seconds
Import Error Code:(4)
Message: Build asset version error: assets/scripts/core/vertexdebug.cs in SourceAssetDB has modification time of '2026-08-22T19:15:06.1804573Z' while content on disk has modification time of '2026-08-22T19:15:15.532Z'
  ERROR: Build asset version error: assets/scripts/core/vertexdebug.cs in SourceAssetDB has modification time of '2026-08-22T19:15:06.1804573Z' while content on disk has modification time of '2026-08-22T19:15:15.532Z'
Number of updated asset objects reloaded before import = 0
Number of asset objects unloaded after import = 0
========================================================================
Received Import Request.
  Time of request: 2026-08-22T19:15:25.5767612Z
  Time since last request: 0.0076802 seconds.
  importAddress: GUID: 06f18915956489244aab6606b88ade3d - Path: Assets/Scripts/Core/VertexDebug.cs - Importer: PreviewImporter
Importing 'GUID: 06f18915956489244aab6606b88ade3d - Path: Assets/Scripts/Core/VertexDebug.cs - Importer: PreviewImporter' with importer (PreviewImporter)
Imported 'GUID: 06f18915956489244aab6606b88ade3d' -> (Import Result ID: '00000000000000000000000000000000') in 0.001 seconds
Import Error Code:(4)
Message: Build asset version error: assets/scripts/core/vertexdebug.cs in SourceAssetDB has modification time of '2026-08-22T19:15:06.1804573Z' while content on disk has modification time of '2026-08-22T19:15:15.532Z'
  ERROR: Build asset version error: assets/scripts/core/vertexdebug.cs in SourceAssetDB has modification time of '2026-08-22T19:15:06.1804573Z' while content on disk has modification time of '2026-08-22T19:15:15.532Z'
Number of updated asset objects reloaded before import = 0
Number of asset objects unloaded after import = 0
========================================================================
Received Import Request.
  Time of request: 2026-08-22T19:15:25.5993528Z
  Time since last request: 0.0088558 seconds.
  importAddress: GUID: 06f18915956489244aab6606b88ade3d - Path: Assets/Scripts/Core/VertexDebug.cs - Importer: PreviewImporter
Importing 'GUID: 06f18915956489244aab6606b88ade3d - Path: Assets/Scripts/Core/VertexDebug.cs - Importer: PreviewImporter' with importer (PreviewImporter)
Imported 'GUID: 06f18915956489244aab6606b88ade3d' -> (Import Result ID: '00000000000000000000000000000000') in 0.001 seconds
Import Error Code:(4)
Message: Build asset version error: assets/scripts/core/vertexdebug.cs in SourceAssetDB has modification time of '2026-08-22T19:15:06.1804573Z' while content on disk has modification time of '2026-08-22T19:15:15.532Z'
  ERROR: Build asset version error: assets/scripts/core/vertexdebug.cs in SourceAssetDB has modification time of '2026-08-22T19:15:06.1804573Z' while content on disk has modification time of '2026-08-22T19:15:15.532Z'
Number of updated asset objects reloaded before import = 0
Number of asset objects unloaded after import = 0
========================================================================
Received Import Request.
  Time of request: 2026-08-22T19:15:25.648932Z
  Time since last request: 0.0346166 seconds.
  importAddress: GUID: 06f18915956489244aab6606b88ade3d - Path: Assets/Scripts/Core/VertexDebug.cs - Importer: PreviewImporter
Importing 'GUID: 06f18915956489244aab6606b88ade3d - Path: Assets/Scripts/Core/VertexDebug.cs - Importer: PreviewImporter' with importer (PreviewImporter)
Imported 'GUID: 06f18915956489244aab6606b88ade3d' -> (Import Result ID: '00000000000000000000000000000000') in 0.001 seconds
Import Error Code:(4)
Message: Build asset version error: assets/scripts/core/vertexdebug.cs in SourceAssetDB has modification time of '2026-08-22T19:15:06.1804573Z' while content on disk has modification time of '2026-08-22T19:15:15.532Z'
  ERROR: Build asset version error: assets/scripts/core/vertexdebug.cs in SourceAssetDB has modification time of '2026-08-22T19:15:06.1804573Z' while content on disk has modification time of '2026-08-22T19:15:15.532Z'
Number of updated asset objects reloaded before import = 0
Number of asset objects unloaded after import = 0
========================================================================
Received Import Request.
  Time of request: 2026-08-22T19:15:25.6721904Z
  Time since last request: 0.0082716 seconds.
  importAddress: GUID: 06f18915956489244aab6606b88ade3d - Path: Assets/Scripts/Core/VertexDebug.cs - Importer: PreviewImporter
Importing 'GUID: 06f18915956489244aab6606b88ade3d - Path: Assets/Scripts/Core/VertexDebug.cs - Importer: PreviewImporter' with importer (PreviewImporter)
Imported 'GUID: 06f18915956489244aab6606b88ade3d' -> (Import Result ID: '00000000000000000000000000000000') in 0.000 seconds
Import Error Code:(4)
Message: Build asset version error: assets/scripts/core/vertexdebug.cs in SourceAssetDB has modification time of '2026-08-22T19:15:06.1804573Z' while content on disk has modification time of '2026-08-22T19:15:15.532Z'
  ERROR: Build asset version error: assets/scripts/core/vertexdebug.cs in SourceAssetDB has modification time of '2026-08-22T19:15:06.1804573Z' while content on disk has modification time of '2026-08-22T19:15:15.532Z'
Number of updated asset objects reloaded before import = 0
Number of asset objects unloaded after import = 0
========================================================================
Received Import Request.
  Time of request: 2026-08-22T19:15:25.694035Z
  Time since last request: 0.0065219 seconds.
  importAddress: GUID: 06f18915956489244aab6606b88ade3d - Path: Assets/Scripts/Core/VertexDebug.cs - Importer: PreviewImporter
Importing 'GUID: 06f18915956489244aab6606b88ade3d - Path: Assets/Scripts/Core/VertexDebug.cs - Importer: PreviewImporter' with importer (PreviewImporter)
Imported 'GUID: 06f18915956489244aab6606b88ade3d' -> (Import Result ID: '00000000000000000000000000000000') in 0.000 seconds
Import Error Code:(4)
Message: Build asset version error: assets/scripts/core/vertexdebug.cs in SourceAssetDB has modification time of '2026-08-22T19:15:06.1804573Z' while content on disk has modification time of '2026-08-22T19:15:15.532Z'
  ERROR: Build asset version error: assets/scripts/core/vertexdebug.cs in SourceAssetDB has modification time of '2026-08-22T19:15:06.1804573Z' while content on disk has modification time of '2026-08-22T19:15:15.532Z'
Number of updated asset objects reloaded before import = 0
Number of asset objects unloaded after import = 0
========================================================================
Received Import Request.
  Time of request: 2026-08-22T19:15:25.7168209Z
  Time since last request: 0.0089628 seconds.
  importAddress: GUID: 06f18915956489244aab6606b88ade3d - Path: Assets/Scripts/Core/VertexDebug.cs - Importer: PreviewImporter
Importing 'GUID: 06f18915956489244aab6606b88ade3d - Path: Assets/Scripts/Core/VertexDebug.cs - Importer: PreviewImporter' with importer (PreviewImporter)
Imported 'GUID: 06f18915956489244aab6606b88ade3d' -> (Import Result ID: '00000000000000000000000000000000') in 0.000 seconds
Import Error Code:(4)
Message: Build asset version error: assets/scripts/core/vertexdebug.cs in SourceAssetDB has modification time of '2026-08-22T19:15:06.1804573Z' while content on disk has modification time of '2026-08-22T19:15:15.532Z'
  ERROR: Build asset version error: assets/scripts/core/vertexdebug.cs in SourceAssetDB has modification time of '2026-08-22T19:15:06.1804573Z' while content on disk has modification time of '2026-08-22T19:15:15.532Z'
Number of updated asset objects reloaded before import = 0
Number of asset objects unloaded after import = 0
Editor requested this worker to shutdown with reason: Scaling down because of idle timeout
AcceleratorClientConnectionCallback - disconnected - :0
AssetImportWorker is now disconnected from the server
Process exiting
Exiting without the bug reporter. Application will terminate with return code 0